 0001:000F0EC8       start@12
 0001:000DBE80       WinMain@16
 0001:00004FC0       LbBullfrogMain@8

 0001:000D9EA0       SyncLog
 0001:0003A4D0       reset_game@0
 0001:00039E30       setup_game@0
 0001:00046F00       game_loop@0
 0001:000655D0       reset_eye_lenses
 0001:00065460       initialise_eye_lenses
 0001:000AC540       frontend_draw_large_menu_button
 0001:00092A40       init_load_menu
 0001:00092AD0       init_save_menu
 0001:00092EC0       maintain_event_button
 0001:0009CEE0       menu_tab_maintain
 0001:00093930       maintain_turn_on_autopilot
 0001:00093520       maintain_door
 0001:00092CE0       maintain_loadsave
 0001:000A1590       gui_load_game_maintain
 0001:000AD210       frontend_continue_game_maintain
 0001:000AE290       frontend_main_menu_load_game_maintain
 0001:000AC400       frontend_main_menu_netservice_maintain
 0001:000AC410       frontend_main_menu_highscores_maintain
 0001:000AC6A0       frontend_load_game_up_maintain
 0001:000AC6C0       frontend_load_game_down_maintain
 0001:000ADDF0       frontend_maintain_high_score_ok_button
 0001:0009BCE0       gui_go_to_map
 0001:0009BBA0       gui_load_game
 0001:0009BC10       gui_save_game
 0001:0003C6F0       frontstats_leave
 0001:000ADF70       frontend_quit_high_score_table
 0001:00097120       gui_area_anger_button
 0001:000AD750       frontend_set_player_number
 0001:000AC760       frontend_change_state
 0001:0000A320       frontnet_session_join
 0001:0000A440       frontnet_session_create
 0001:00008E30       frontnet_return_to_session_menu
 0001:00008E00       frontnet_return_to_main_menu
 0001:000AC730       frontend_load_game_up
 0001:000AC740       frontend_load_game_down
 0001:000AC670       frontend_load_game_maintain
 0001:000AC5C0       frontend_draw_load_game_button
 0001:000AC420       frontend_start_new_game
 0001:000AD180       frontend_save_continue_game
 0001:000AD230       frontend_load_continue_game
 0001:0001FF40       draw_map_parchment
 0001:00009360       frontnet_service_up_maintain
 0001:00009380       frontnet_service_down_maintain
 0001:00009420       frontnet_service_up
 0001:00009430       frontnet_service_down
 0001:00009330       frontnet_service_maintain
 0001:00009290       frontnet_draw_service_button
 0001:000093B0       frontnet_service_select
 0001:00099AD0       do_button_release_actions
 0001:0009D5A0       turn_off_all_panel_menus
 0001:0009DA40       turn_off_all_window_menus
 0001:00094040       create_menu
 0001:00092880       turn_on_menu
 0001:000A1D10       initialise_tab_tags_and_menu
 0001:00094890       init_gui
 0001:000AC920       frontend_set_state
 0001:000AC4B0       frontend_copy_background
 0001:00094D20       draw_menu_buttons
 0001:00095EA0       spell_lost_first_person
 0001:0009BCF0       gui_turn_on_autopilot
 0001:0009B740       gui_set_autopilot
 0001:0003C630       frontstats_update
 0001:00050C30       S3DEmitterHasFinishedPlaying
 0001:000A7F10       output_message
 0001:00034900       is_game_key_pressed
 0001:000DC0B0       LbDataLoadAll
 0001:00050940       S3DSetNumberOfSounds
 0001:00083A20       scan_line
 0001:00084D40       get_next_word
 0001:0001E050       script_support_setup_player_as_computer_keeper
 0001:00085710       command_add_to_party
 0001:00085A30       command_add_party_to_level
 0001:00085E30       command_add_creature_to_level
 0001:000851D0       command_if
 0001:000862C0       command_add_value
 0001:00086450       command_research
 0001:00086880       command_if_action_point
 0001:00086AA0       command_add_tunneller_to_level
 0001:00086EE0       command_display_objective
 0001:000870A0       command_add_tunneller_party_to_level
 0001:000875D0       command_if_available
 0001:00087A70       command_set_computer_globals
 0001:00087B90       command_set_computer_checks
 0001:00087D30       command_set_computer_events
 0001:00087ED0       command_set_computer_process
 0001:0001E0B0       process_action_points
 0001:000A1150       gui_set_button_flashing
 0001:00043F00       process_object_being_picked_up
 0001:000CA660       move_thing_in_map
 0001:000C24B0       update_creature_levels
 0001:00058020       update_creature
 0001:0005A650       update_thing_animation
 0001:00057DA0       update_thing
 0001:00009A20       frontnet_net_serial_start_maintain
 0001:00009A50       frontnet_net_serial_start
 0001:0001BE20       fronttorture_input
 0001:000AE3F0       demo
 0001:00098930       game_is_busy_doing_gui
 0001:000928C0       turn_off_menu
 0001:000AD530       frontend_draw_button
 0001:00093300       maintain_spell
 0001:0004A7A0       can_cast_spell_at_xy
 0001:00065360       init_sound@0
 0001:000C79F0       save_settings
 0001:0006EC30       setup_computer_players2
 0003:00011618       low_res_pointer_load_files
 0003:000116A0       low_res_small_pointer_load_files
 0003:00011728       hi_res_pointer_load_files
 0003:000117B0       hi_res_small_pointer_load_files
 0003:00006DD8       mcga_load_files
 0003:000070C8       mcga_load_files_minimal
 0003:00006F38       vres256_load_files
 0003:000070F8       vres256_load_files_minimal
 0003:000072E0       setup_sprites
 0003:00007340       setup_sprites_minimal
 0001:000107C0       pinstfm_fade_from_map
 0001:000106F0       pinstfm_fade_to_map
 0001:000396C0       get_best_sound_heap_size
 0001:0003C8B0       setup_heap_memory
 0001:0003C9B0       reset_heap_memory
 0001:00042040       set_power_hand_graphic
 0001:00008290       setup_network_service
 0001:0005F6D0       init_keeper
 0001:0003B040       setup_heaps
 0001:000A41F0       frontnetmap_load
 0001:000A4380       frontnetmap_unload
 0001:000389A0       get_player_gui_clicks
 0001:000938E0       maintain_zoom_to_event
 0001:00009130       frontnet_service_setup
 0001:0009CB30       gui_set_menu_mode
 0001:000A1170       gui_draw_tab
 0001:0009BDE0       gui_open_event
 0001:000972C0       gui_area_event_button
 0001:0003F2B0       process_dungeon_control_packet_clicks
 0001:00041AF0       open_new_packet_file_for_save
 0001:0003EEA0       process_players_dungeon_control_packet_control
 0001:00042340       process_quit_packet
 0001:0003E860       process_players_dungeon_control_packet_action
 0001:0003ED70       process_players_creature_control_packet_action
 0001:00041BD0       open_packet_file_for_load
 0001:0003D4B0       process_packets
 0001:00011DA0       creature_cast_spell_at_thing
 0001:00005320       light_initialise
 0001:0005EE90       clear_mapwho
 0001:0005D890       clear_map
 0001:00060840       clear_game
 0001:000608D0       clear_game_for_save
 0001:00010AD0       free_swipe_graphic
 0001:0001B250       draw_sound_stuff
 0001:0003D990       process_players_global_packet_action
 0001:00092840       menu_is_active
 0001:0009D1F0       a_menu_window_is_active
 0001:0009E3D0       toggle_status_menu
 0001:0005A390       update_thing_sound
 0001:00047550       ceiling_set_info
 0001:000989D0       get_gui_inputs
 0001:000465C0       screen_to_map
 0001:00008010       frontnet_init_level_descriptions
 0003:00028890       localPlayerInfoPtr
 0003:00028894       exchangeBuffer
 0003:00028898       exchangeSize
 0001:000E3C60       LbNetwork_Startup
 0001:000E3DD0       LbNetwork_Shutdown
 0001:000E3FF0       LbNetwork_Join
 0001:000E3EC0       LbNetwork_Create
 0001:000E3920       LbNetwork_Init
 0001:000E4350       LbNetwork_Exchange
 0001:000E40F0       LbNetwork_Stop
 0001:000E4BB0       LbNetwork_ChangeExchangeBuffer
 0001:000E3900       LbNetwork_EnableNewPlayers
 0001:000E4300       LbNetwork_EnumeratePlayers
 0001:000E4280       LbNetwork_EnumerateSessions
 0003:0025C9F4       fade_tables
 0003:002609F4       ghost
 0001:00039740       setup_stuff
 0001:00008370       process_network_error
 0001:0001E510       PaletteSetPlayerPalette
 0001:000C2950       toggle_creature_tendencies
 0001:00037610       set_player_mode
 0001:0009FC90       go_on_then_activate_the_event_box
 0001:0007A380       lose_level
 0001:0007A310       complete_level
 0001:000822D0       activate_dungeon_special
 0001:00082A50       transfer_creature
 0001:000A5A10       process_dungeons
 0001:00015940       process_level_script
 0001:00057300       update
 0001:000AB570       wait_at_frontend
 0005:00006562       set_cpu_mode
 0001:000989C0       game_is_busy_doing_gui_string_input
 0001:00037AC0       get_small_map_inputs
 0001:00038C00       get_bookmark_inputs
 0001:00038D10       get_level_lost_inputs
 0001:00037140       get_dungeon_control_action_inputs
 0001:000380E0       get_packet_control_mouse_clicks
 0001:000354D0       get_dungeon_control_nonaction_inputs
 0001:00035390       get_map_nonaction_inputs
 0001:000367D0       get_creature_control_nonaction_inputs
 0001:000349C0       get_inputs
 0001:00034510       input
 0001:00057CC0       update_things_in_list
 0001:000DA430       LbScreenSetGraphicsWindow
 0001:000DC200       LbPaletteFade
 0001:00030F10       draw_view
 0001:00072D40       draw_frontview_engine
 0001:000AE650       frontcredits_draw
 0001:00024920       frontzoom_to_point
 0001:000A5300       compressed_window_draw
 0001:000A3A80       frontmap_draw
 0001:000A5540       check_mouse_scroll
 0001:000A5650       update_velocity
 0001:000A4F60       frontnetmap_draw
 0001:000A3730       frontmap_input
 0001:000A4470       frontnetmap_input
 0001:000A3620       frontmap_unload
 0001:000A3DB0       frontmap_update
 0001:0001BC90       fronttorture_unload
 0001:0001B900       fronttorture_load
 0001:0009B2D0       gui_choose_room
 0001:0009B4C0       gui_choose_special_spell
 0001:0009B6F0       gui_set_tend_to
 0001:0009BAE0       gui_quit_game
 0001:0009BA80       gui_video_gamma_correction
 0001:000968E0       gui_area_stat_button
 0001:000ADE10       frontend_high_score_table_input
 0001:00008A50       frontnet_draw_services_scroll_tab
 0001:000AD310       frontend_draw_text
 0001:000AD830       frontend_draw_games_scroll_tab
 0001:000AC780       frontend_load_game
 0001:0001BD50       fronttorture_draw
 0001:0003C390       frontstats_set_timer
 0001:00094940       draw_gui
 0001:0003AE60       display_loading_screen
 0001:000C9280       load_game_save_catalogue
 0001:000C92E0       save_game_save_catalogue
 0001:00099D80       setup_gui_tooltip
 0001:00099F50       draw_tooltip
 0001:000C7A50       load_thing_file
 0001:000C9C50       load_slab_file
 0001:00065040       initialise_extra_slab_info
 0001:000C7510       load_level_file
 0003:002742C0       winMouseHandler
 0001:000DCEE0       LbMouseSuspend
 0001:000DD140       LbMouseOnBeginSwap
 0001:000DD1D0       LbMouseOnEndSwap
 0001:000DC9F0       LbMouseSetWindow
 0001:000DD060       LbMouseOnMove
 0001:000DD000       LbMouseIsInstalled
 0001:000DCA70       LbMouseChangeSprite
 0001:000DC920       LbMouseSetPosition
 0001:000DCBC0       LbMouseSetPointerHotspot
 0001:000DCC60       LbMouseSetup
 0001:000DCB10       LbMouseChangeSpriteAndHotspot
 0001:000DA740       LbScreenLock@0
 0001:000DA780       LbScreenUnlock@0
 0001:000DA830       LbScreenSwap@0
 0001:000DBF80       LbWindowsControl@0
 0001:000DA710       LbScreenClear
 0001:000DA870       LbScreenWaitVbi
 0001:000DA4F0       LbScreenSetup
 0001:000DA8A0       LbPaletteGet
 0001:000DA8D0       LbPaletteSet
 0001:000DA760       LbIsActive@0
 0001:000DA7B0       LbScreenReset@0
 0001:000DA3F0       LbScreenIsModeAvailable
 0001:000395F0       @get_cpu_info@4
 0001:000DC1A0       LbDataFreeAll@4
 0001:000C2700       set_creature_level
 0001:00063630       create_creature
 0003:000103C0       slab_attrs
 0002:00000010       map_to_slab
 0003:000A6E98       dog_palette
 0003:000EBEC8       vampire_palette
