 0001:000D9DE0       LbErrorLogSetup@12
 0001:00051810       IsRunningMark@0
 0001:00051840       IsRunningUnmark@0
 0001:000DFDE0       LbIKeyboardClose@0
 0001:000D9FC0       LbMemoryFree@4
 0001:000DA0C0       LbMemoryReset@0
 0001:000DBB60       LbSetIcon@4
 0001:000DBFC0       LbDataLoad@4
 0001:000C7320       load_configuration@0
 0001:000FCF90       play_smk_@12
 0001:000DA800       LbScreenFindVideoModes
 0001:0000CDD0       wait_for_cd_to_be_available
 0001:000A4670       frontnetmap_update
 0001:0000ABC0       frontnet_start_update
 0001:000DABB0       LbTextSetWindow
 0001:0003A520       setup_screen_mode
 0001:0003AAC0       setup_screen_mode_minimal
 0001:0003D2C0       startup_saved_packet_game
 0001:0003CDB0       startup_network_game
 0001:000AEF30       frontend_load_data
 0001:000C9460       load_game
 0001:00050E70       process_3d_sounds
 0001:000A32F0       frontmap_load
 0001:0000AB70       frontnet_start_setup
 0001:0003BEE0       frontstats_initialise
 0001:000DC670       LbSpriteSetupAll
 0001:000AE7F0       mdlf_default
 0001:000AE800       mdlf_for_cd
 0001:000A15C0       maintain_my_battle_list
 0001:000394C0       mouse_is_over_small_map
 0001:0001A920       play_non_3d_sample
 0001:00099980       do_button_click_actions
 0001:0000CAF0       get_trap_for_position
 0001:0000CB50       get_trap_for_slab_position
 0001:00044D80       get_special_at_position
 0001:00044AB0       get_spellbook_at_position
 0001:00044C00       get_crate_at_position
 0001:00044ED0       get_nearest_object_at_position
 0001:00050C50       S3DAddSampleToEmitterPri
 0001:00050970       S3DCreateSoundEmitterPri
 0001:00050E00       S3DSetSoundReceiverPosition
 0001:00050E30       S3DSetSoundReceiverOrientation
 0001:00050870       S3DInit
 0001:00050910       S3DSetMaximumSoundDistance
 0001:0003D970       set_packet_action
 0001:00036B90       get_global_inputs
 0001:000FD5D0       copy_to_screen
 0005:00011C10       LbSpriteDraw
 0005:000001F0       draw_gpoly
 0005:00007AE0       trig
 0001:00076FA0       DrawBigSprite
 0001:000DFDF0       LbSpriteDrawRemap
 0001:00050B10       S3DDestroySoundEmitter
 0001:00050BF0       S3DMoveSoundEmitterTo
 0001:000DF200       LbSpriteDrawOneColour
 0001:000E0D70       KeyboardProc@12
 0001:000DDC80       PointerDraw

 0003:000AB430       keeper_runtime_directory
 0003:00241510       my_player_number
 0003:000ED310       game
 0003:0027377C       hInstance
 0003:00014968       SoundDisabled
 0003:000280F4       lpDDC
 0003:00028178       icon_index
 0003:00014964       strings_data
 0003:000A6678       phase_of_moon
 0003:000AB424       mem_size
 0003:00011838       legal_load_files
 0003:000A6554       palette
 0003:000AB4E4       scratch
 0003:002735D0       lbDisplay
 0003:00273BB0       lbKeyOn
 0003:000AA568       strings
 0003:000A6680       settings
 0003:0001494C       exit_keeper
 0003:00014948       quit_game
 0003:000EBEF8       pixel_size
 0003:00244D48       left_button_held_x
 0003:00244D4C       left_button_held_y
 0003:00244D50       left_button_double_clicked_y
 0003:00244D54       left_button_double_clicked_x
 0003:00244D58       right_button_double_clicked_y
 0003:00244D5C       right_button_double_clicked_x
 0003:00244D60       right_button_clicked
 0003:00244D64       left_button_clicked
 0003:00244D68       right_button_released_x
 0003:00244D6C       right_button_released_y
 0003:00244D70       right_button_double_clicked
 0003:00244D74       left_button_released_y
 0003:00244D78       left_button_released_x
 0003:00244D7C       left_button_double_clicked
 0003:00244D80       right_button_released
 0003:00244D84       right_button_held
 0003:00244D88       right_button_click_space_count
 0003:00244D8C       right_button_held_y
 0003:00244D90       left_button_clicked_y
 0003:00244D94       left_button_clicked_x
 0003:00244D98       left_button_click_space_count
 0003:00244D9C       right_button_held_x
 0003:00244DA0       left_button_released
 0003:00244DA4       right_button_clicked_y
 0003:00244DA8       right_button_clicked_x
 0003:00244DAC       left_button_held
 0003:0024781C       old_mouse_over_button
 0003:00247770       save_game_catalogue
 0003:00247B40       number_of_saved_games
 0003:00028350       lbUseSdk
 0003:00247428       frontend_palette
 0003:0024740C       load_game_scroll_offset
 0003:00020670       frontend_menu_state
 0003:00247B50       time_last_played_demo
 0001:0001C280       fronttorture_update
 0003:00247B44       continue_game_option_available
 0003:00020678       frontend_button_info
 0003:00273BAC       lbInkey
 0003:002477F8       defining_a_key_id
 0003:00247B48       defining_a_key
 0003:0024741C       credits_offset
 0003:00247C5C       credits_scroll_speed
 0003:00247F70       credits_end
 0003:00247B30       frontend_font
 0003:00247410       last_mouse_x
 0003:00247418       last_mouse_y
 0003:00247820       frontstory_text_no
 0003:00247B28       frontend_background
 0003:000280E8       lbFontPtr
 0003:00247F3C       frontstory_font
 0003:0001496C       FatalError
 0003:0002FB28       net_service_index_selected
 0003:000207B8       fade_palette_in
 0003:002473F8       frontend_mouse_over_button
 0003:00247C60       high_score_table
 0003:000207C0       frontstory_load_files
 0003:0001EB98       netmap_flag_load_files
 0003:00247F44       fe_high_score_table_from_main_menu
 0003:00247F38       frontend_sprite
 0003:00247728       define_key_scroll_offset
 0003:00028284       modify_data_load_filename_function
 0003:000207B4       high_score_entry_input_active
 0003:00247730       high_score_entry
 0003:00247F40       high_score_entry_index
 0003:00020870       frontstory_setup_sprites
 0003:00246ED0       active_menus
 0003:00247000       tool_tip_time
 0003:0001756C       busy_doing_gui
 0003:00017568       input_button
 0003:00245300       tool_tip_box
 0003:00245B10       help_tip_time
 0003:00017530       tooltip_scroll_offset
 0003:00017534       tooltip_scroll_timer
 0003:00017538       gui_last_left_button_pressed_id
 0003:0001753C       gui_last_right_button_pressed_id
 0003:00245B20       active_buttons
 0003:00247014       battle_creature_over
 0003:0001754C       drag_menu_x
 0003:00017550       drag_menu_y
 0003:00017570       gui_room_type_highlighted
 0003:00017574       gui_door_type_highlighted
 0003:00017578       gui_trap_type_highlighted
 0003:0001757C       gui_creature_type_highlighted
 0003:0000E270       spell_data
 0003:0000E4A8       room_data
 0003:0000E630       trap_data
 0002:00000010       map_to_slab
 0003:000103C0       slab_attrs
 0003:0000FC58       object_to_magic
 0003:0000FCE0       object_to_special
 0003:0000FD68       magic_to_object
 0003:0000FD80       trap_to_object
 0003:0000FD88       door_to_object
 0003:0000FD90       object_to_door_or_trap
 0003:0000FE18       workshop_object_class
 0003:0001E5F0       specials_text
 0003:0000E6E0       door_names
 0003:00008438       creature_data
 0003:0000B1E0       objects
 0003:000115CC       eastegg_skeksis_cntr
 0003:000EBED0       key_modifiers
 0003:00010CBC       Non3DEmitter
 0003:00010CC0       SpeechEmitter
 0003:00052DC8       emitter
 0003:000AB428       MyScreenWidth
 0003:000EBED4       MyScreenHeight
 0003:00030D14       top_pointed_at_y
 0003:00030D18       top_pointed_at_x
 0003:00030D1C       top_pointed_at_frac_x
 0003:00030D20       top_pointed_at_frac_y
 0003:00031C6C       pointer_y
 0003:00031C70       pointer_x
 0003:0003F944       block_pointed_at_x
 0003:0003F948       block_pointed_at_y
 0003:0003F998       pointed_at_frac_x
 0003:0003F99C       pointed_at_frac_y
 0003:000AB4D4       winfont
 0003:0002F9F8       net_modem_data
 0003:0002FB08       net_serial_data
 0003:0002FB60       net_player_info
 0003:00001838       net_guid
 0003:0002FB30       net_screen_packet
 0003:0002888C       network_initialized
 0003:00017590       menu_list
 0003:00017630       main_menu
 0003:00017650       room_menu
 0003:00017670       spell_menu
 0003:00017690       spell_lost_menu
 0003:000176B0       trap_menu
 0003:000176D0       creature_menu
 0003:000176F0       event_menu
 0003:00017710       options_menu
 0003:00017730       instance_menu
 0003:00017750       query_menu
 0003:00017770       quit_menu
 0003:00017790       load_menu
 0003:000177B0       save_menu
 0003:000177D0       video_menu
 0003:000177F0       sound_menu
 0003:00017810       error_box
 0003:00017830       text_info_menu
 0003:00017850       hold_audience_menu
 0003:00017870       dungeon_special_menu
 0003:00017890       resurrect_creature_menu
 0003:000178B0       transfer_creature_menu
 0003:000178D0       armageddon_menu
 0003:000178F0       frontend_main_menu
 0003:00017910       frontend_load_menu
 0003:00017930       frontend_net_service_menu
 0003:00017950       frontend_net_session_menu
 0003:00017970       frontend_net_start_menu
 0003:00017990       frontend_net_modem_menu
 0003:000179B0       frontend_net_serial_menu
 0003:000179D0       frontend_statistics_menu
 0003:000179F0       frontend_high_score_table_menu
 0003:00017A10       creature_query_menu1
 0003:00017A30       creature_query_menu2
 0003:00017A50       creature_query_menu3
 0003:00017A70       battle_menu
 0003:00017A90       frontend_define_keys_menu
 0003:00017AB0       autopilot_menu
 0003:00017AD0       frontend_option_menu
 0003:00017AF0       main_menu_buttons
 0003:00018050       room_menu_buttons
 0003:00018430       spell_menu_buttons
 0003:00018810       spell_lost_menu_buttons
 0003:00018BF0       trap_menu_buttons
 0003:00018FD0       creature_menu_buttons
 0003:00019648       event_menu_buttons
 0003:00019680       options_menu_buttons
 0003:00019838       query_menu_buttons
 0003:00019C50       instance_menu_buttons
 0003:00019C88       quit_menu_buttons
 0003:00019D68       load_menu_buttons
 0003:00019F90       save_menu_buttons
 0003:0001A1B8       video_menu_buttons
 0003:0001A340       sound_menu_buttons
 0003:0001A490       error_box_buttons
 0003:0001A570       text_info_buttons
 0003:0001A6C0       pause_buttons
 0003:0001A730       hold_audience_buttons
 0003:0001A810       armageddon_buttons
 0003:0001A8F0       dungeon_special_buttons
 0003:0001A928       battle_buttons
 0003:0001AB88       resurrect_creature_buttons
 0003:0001ADE8       transfer_creature_buttons
 0003:0001B048       frontend_main_menu_buttons
 0003:0001B238       frontend_load_menu_buttons
 0003:0001B578       frontend_net_service_buttons
 0003:0001B8B8       frontend_net_session_buttons
 0003:0001BE18       frontend_net_start_buttons
 0003:0001C5D8       frontend_net_modem_buttons
 0003:0001CDD0       frontend_net_serial_buttons
 0003:0001D290       frontend_statistics_buttons
 0003:0001D3A8       frontend_high_score_score_buttons
 0003:0001D488       creature_query_buttons1
 0003:0001D6E8       creature_query_buttons2
 0003:0001D948       creature_query_buttons3
 0003:0001DBE0       frontend_define_keys_buttons
 0003:0001DF88       autopilot_menu_buttons
 0003:0001E0D8       frontend_option_buttons
 0003:0002F428       tmp_net_modem_init
 0003:0002F440       tmp_net_modem_answer
 0003:0002FA20       tmp_net_player_name
 0003:0002FAF0       tmp_net_modem_dial
 0003:0002FE00       tmp_net_modem_hangup
 0003:00030318       tmp_net_phone_number
 0003:0002F468       net_service_scroll_offset
 0003:00030264       fe_network_active
 0003:00030314       net_number_of_services
 0003:00017554       info_tag
 0003:00017558       room_tag
 0003:0001755C       spell_tag
 0003:00017560       trap_tag
 0003:00017564       creature_tag
 0003:00247004       sound_level
 0003:00247008       video_shadows
 0003:0024700C       music_level
 0003:0001F214       using_two_banks
 0003:0001F218       sound_file
 0003:0001F21C       sound_file2
 0003:002473B4       sample_table2
 0003:002473B8       samples_in_bank2
 0003:002473BC       sample_table
 0003:002473C0       samples_in_bank
 0003:002473C4       sndheap
 0003:00247010       video_textures
 0003:00245278       input_string
 0003:00247058       video_view_distance_level
 0003:00245B14       video_gamma_correction
 0003:00246E4C       video_cluedo_mode
 0003:00245178       gui_error_text
 0003:00247420       fe_mouse_sensitivity
 0003:00245118       activity_list
 0003:0002FE60       net_service
 0003:0002EF60       animation
 0003:002753D8       maximumPlayers
 0003:00012824       anim_counter
 0003:000EB510       block_ptrs
 0003:000EBF00       colours
 0003:00028180       lbInkeyToAscii
 0003:00028200       lbInkeyToAsciiShift
 0003:00000060       frame_number
 0003:00241460       install_info
 0003:00028280       lbKeyboardLang
 0003:000258E8       lbSinTable
 0003:000260E8       lbCosTable
 0003:000113C0       parchment_loaded
 0003:000113C4       draw_spell_cost
 0003:000AB4F0       poly_pool
 0003:000ED308       poly_pool_end
 0003:000AB4D0       hires_parchment
 0003:000EBE58       level_name
 0003:00246E88       backup_input_field
 0003:0002F3D8       net_player
 0003:00247F30       fe_computer_players
 0003:00006C20       game_load_files
 0003:000067D8       swipe_load_file
 0003:00011610       MinimalResolutionSetup
 0003:000EBEBC       pixels_per_block
 0003:000AB4D8       units_per_pixel
 0003:000AA560       pointer_data
 0003:000EBEB4       pointer_sprites
 0003:0024150C       end_pointer_sprites
 0003:00246EC8       no_of_active_menus
 0003:002452F8       menu_stack
 0003:000EB4F4       button_sprite
 0003:00247404       frontend_mouse_over_button_start_time
 0003:00017544       old_menu_mouse_x
 0003:00017548       old_menu_mouse_y
 0003:0001E4B8       menu_ids
 0003:00017540       new_objective
 0003:0000FF20       event_button_info
 0003:00244D3C       transfer_creature_scroll_offset
 0003:00244D40       resurrect_creature_scroll_offset
 0003:00244D44       dungeon_special_selected
 0003:0000F160       player_instance_info
 0003:00015630       special_desc
 0003:000A6E84       block_mem
 0003:000AB420       start_rooms
 0003:000AB4E8       end_rooms
 0003:00030D00       smooth_on
 0003:000A6E90       gui_panel_sprites
 0003:000A6560       end_gui_panel_sprites
 0003:000090B0       status_panel
 0003:0025C9F4       pixmap
 0003:00246E50       top_of_breed_list
 0003:00247018       breed_activities
 0003:00053B80       optimised_lights
 0003:00053B84       do_lights
 0003:00053B88       total_lights
 0003:002473D0       message_queue
 0003:0000F620       trap_stats
 0003:00014950       script_line_number
 0003:00014954       script_current_condition
 0003:00244DB0       condition_stack
 0003:00244E10       condition_stack_pos
 0003:00244E14       next_command_reusable
 0003:000160C8       room_desc
 0003:00016118       creature_desc
 0003:000161B8       player_desc
 0003:00016280       magic_desc
 0003:00016328       command_desc
 0003:00016598       timer_desc
 0003:000165E8       flag_desc
 0003:00016618       door_desc
 0003:000162E8       trap_desc
 0003:00016638       hero_objective_desc
 0003:0000FC20       class_functions
 0002:00000D50       imp_spangle_effects
 0003:000EBEB0       blue_palette
 0003:0000AFE0       creatures
 0003:00245B18       no_of_breeds_owned
 0003:00021FE0       poly_screen
 0003:00021FE4       vec_screen
 0003:00021FE8       vec_map
 0003:00021FF0       vec_screen_width
 0003:00021FF4       vec_window_width
 0003:00021FF8       vec_window_height
 0003:00021FFC       dither_map
 0003:00022000       dither_end
 0003:00031594       engine_player_number
 0003:000317AC       x_init_off
 0003:000317B0       high_offset
 0003:00031C60       mx
 0003:00031C64       my
 0003:00031C68       mz
 0003:00031C78       view_height_over_2
 0003:00031C80       me_pointed_at
 0003:00031C98       vert_offset
 0003:0003F970       y_init_off
 0003:00040DC0       hori_offset
 0003:000114F8       split1at
 0003:000114FC       split2at
 0003:00030D24       temp_cluedo_mode
 0003:00030D34       player_bit
 0003:00011500       lens
 0003:0001150C       lens_mode
 0003:00030D40       view_width_over_2
 0003:00030D0C       floor_pointed_at_y
 0003:00030D10       floor_pointed_at_x
 0003:00031590       me_distance
 0003:00011508       max_i_can_see
 0003:00030B70       thing_pointed_at
 0003:00030C80       thing_being_displayed
 0003:00243A0C       getpoly
 0003:00243A10       buckets
 0003:00011580       rotpers_routines
 0003:00011590       perspective_routines
 0003:0003F978       perspective
 0003:00031584       rotpers
 0003:00011504       cells_away
 0003:00030D28       fade_scaler
 0003:00031580       fade_max
 0003:0003158C       fade_min
 0003:00031598       split_1
 0003:0003159C       split_2
 0003:0003F950       object_origin
 0003:00031148       camera_matrix
 0003:00031C84       front_ec
 0003:000409A0       back_ec
 0003:00031CA8       ecs1
 0003:00038AE8       apos
 0003:00038AF0       ecs2
 0003:0003F940       bpos
 0003:0003F980       map_volume_box
 0003:00030D30       normal_shade_right
 0003:0003117C       normal_shade_back
 0003:000317A8       normal_shade_left
 0003:00031C74       normal_shade_front
 0003:00030D3C       fade_way_out
 0003:00030D08       map_angle
 0003:00031178       map_roll
 0003:00031588       map_tilt
 0003:00030D38       view_alt
 0003:0003F96C       fade_range
 0003:0003F974       depth_init_off
 0003:000315A8       minmaxs
 0003:000A6564       eye_lens_memory
 0003:0023EB54       eye_lens_spare_screen_memory
 0003:000A6E98       dog_palette
 0003:000EBEC8       vampire_palette
 0003:00040DCC       my_mouse_y
 0003:00040DD0       my_mouse_x
 0003:0000E6F0       instance_info
 0003:0000EED0       spell_info
 0003:0001E5B0       room_on
 0003:0001E5B4       spell_on
 0003:0001E5B8       spell_lost_on
 0003:0001E5BC       trap_on
 0003:0001E5C0       creat_on
 0003:0001E5C4       event_on
 0003:0001E5C8       query_on
 0003:0001E5CC       creature_query1_on
 0003:0001E5D0       creature_query2_on
 0003:0001E5D4       creature_query3_on
 0003:0001E5D8       objective_on
 0003:0001E5DC       battle_on
 0003:0001E5E0       special_on
 0003:000A6E8C       font_sprites
 0003:000A656C       font_data
 0003:000EBEC0       end_font_sprites
 0003:00247F60       frontend_end_font
 0003:00247F78       frontend_font_data
 0003:00247F48       frontend_end_font_data
 0003:00241458       port_sprite
 0003:000ECF04       end_port_sprites
 0003:000A655C       port_sprite_data
 0003:000A6568       button_sprite_data
 0003:000EBEB8       winfont_data
 0003:000A6570       end_winfonts
 0003:000A6E94       end_winfont_data
 0003:000EBEC4       end_button_sprites
 0003:000AB4CC       end_button_sprite_data
 0003:000EBE50       edit_icon_sprites
 0003:000EBEEC       edit_icon_data
 0003:000ECF00       end_edit_icon_sprites
 0003:000EBEAC       gui_panel_sprite_data
 0003:00241500       end_gui_panel_sprite_data
 0003:000AB4C8       level_names_data
 0003:000A6550       end_level_names_data
 0003:000EB4F0       gui_slab
 0003:00247414       frontend_backup_palette
 0003:000115C4       grabbed_small_map
 0003:000115C8       clicked_on_small_map
 0003:00040DD4       dummy_x
 0003:00040DD8       dummy_y
 0003:00040DDC       dummy
 0003:00040DE0       old_mx
 0003:00040DE4       old_my
 0003:00030348       zoom_to_heart_palette
 0003:000A7E50       spiral_step
 0003:000A66D8       iso_td
 0003:000A6EA0       td_iso
 0003:00013A60       creature_list
 0003:000EBEF0       creature_table
 0003:00002898       ComputerProcessLists
 0003:00002190       BuildAllRooms3x3
 0003:000021D8       BuildAllRooms4x4
 0003:00002220       BuildPrisonRoom
 0003:00002268       BuildTortureRoom
 0003:000022B0       BuildScavengerRoom
 0003:000022F8       BuildTempleRoom
 0003:00002340       BuildGraveyardRoom
 0003:00002388       BuildBarrackRoom
 0003:000023D0       BuildTreasureRoom
 0003:00002418       BuildResearchRoom
 0003:00002460       BuildHatcheryRoom
 0003:000024A8       BuildLairRoom
 0003:000024F0       BuildTrainingRoom
 0003:00002538       BuildWorkshopRoom
 0003:00002580       DigToEntrance
 0003:000025C8       DigToGoldForMoney
 0003:00002610       BuildTreasureRoom4x4
 0003:00002658       BuildLairRoom4x4
 0003:000026A0       DigToCloseGoldForMoney
 0003:000026E8       DigToGoldGreedy
 0003:00002730       DigToGoldGreedy2
 0003:00002778       ComputerSightOfEvil
 0003:000027C0       ComputerSightOfEvilScare
 0003:00002808       ComputerAttack1
 0003:00002850       ComputerSafeAttack
 0003:0002F34C       stat_light_needs_updating
 0003:0002F350       light_bitmask
 0003:00273CB0       from_pal
 0003:00273FB0       fade_count
 0003:00273FB8       to_pal
 0003:00028338       fade_started
 0003:00247074       playing_bad_descriptive_speech
 0003:0024708C       playing_good_descriptive_speech
 0003:00011C60       scrolling_index
 0003:00011C64       scrolling_offset
 0003:00011CB0       scrolling_stats_data
 0003:00040DE8       frontstats_timer
 0003:00040DF0       frontstats_data
 0003:002470F0       play_desc_speech_time
 0003:002470E8       played_good_descriptive_speech
 0003:00247070       played_bad_descriptive_speech
 0003:002470B0       map_info
 0003:00247064       map_sound_fade
 0003:00247100       map_flag_data
 0003:00247108       end_map_flag_data
 0003:00247080       end_map_flag
 0003:00247088       map_flag
 0003:00247090       map_screen
 0003:002470A4       window_y_offset
 0003:00247068       map_window
 0003:0001EAF8       map_flag_load_files
 0003:0001EB80       map_flag_setup_sprites
 0003:0002F454       net_number_of_levels
 0003:0002F470       net_level_desc
 0003:0002FA38       modem_dev
 0003:0003026C       net_session_index_active
 0003:00030278       net_session
 0003:00030300       net_player_name
 0003:00001888       net_config_info
 0003:0002FA18       net_number_of_sessions
 0003:00052DB0       Receiver
 0003:00012630       MaxSoundDistance
 0003:00052D68       packet_left_button_double_clicked
 0003:00052D80       packet_left_button_click_space_count
 0003:000A7650       randomisors
 0003:002473C8       message_playing
 0003:000538C8       SampleList
 0003:00053B18       MaxNoSounds
 0003:0001ECD0       netmap_flag_setup_sprites
 0003:00247F58       fe_net_level_selected
 0003:0024710C       net_level_hilighted
 0003:0024709C       map_font
 0003:002470A0       net_map_slap_frame
 0003:00247078       net_map_limp_time
 0003:0002F45C       net_comport_index_active
 0003:0002F9F0       net_speed_index_active
 0003:0002F3D0       frontend_alliances
 0003:00010E00       doors
 0003:00030C88       door_sound_state
 0003:00030CD0       torture_sprite_frame
 0003:00030CD4       torture_sprite_direction
 0003:00030CDC       torture_state
 0003:00030CEC       torture_end_sprite
 0003:00030CF4       torture_left_button
 0003:00030CF8       torture_door_selected
 0003:000302FC       players_currently_in_session
 0003:0002F9E8       net_message_scroll_offset
 0003:0002F9EC       net_number_of_messages
 0003:0002FBF0       net_message
 0003:002470EC       net_number_of_players
 0003:0002FE14       net_number_of_enum_players
 0003:00030C84       EngineSpriteDrawUsingAlpha
 0003:00014960       sound_heap_memory
 0003:000A6E88       heap_size
 0003:0023EB38       sound_heap_size
 0003:00241508       heap
 0003:00030648       key_to_string
 0003:0000D6F8       door_stats
 0003:000084D8       shot_stats
 0003:0024707C       map_hand
 0003:0002F43C       net_session_index_active_id
 0003:0002F9F4       net_session_scroll_offset
 0003:0002FDF8       net_player_scroll_offset
 0003:000150F4       UseFastBlockDraw
 0003:00030CD8       fronttor_sprites
 0003:00030CE0       fronttor_end_sprites
 0003:00030CE4       fronttor_data
 0003:00030CF0       fronttor_end_data
 0003:00030CE8       torture_palette
 0003:00030CFC       torture_background
 0003:0000BD80       states
 0003:00053B1C       LineOfSightFunction
 0003:00053B20       deadzone_radius
 0003:0000D748       effect_info
 0003:00244E18       temp_pal
 0003:0025C8C8       reinforce_stack
 0003:0025C9C8       r_stackpos
 0003:00273648       lbTextClipWindow
 0003:00273660       lbTextJustifyWindow
 0003:000280EC       lbSpacesPerTab
 0003:00241504       lightning_palette
 0003:00024D05       vec_mode
 0003:00024D04       vec_colour

 0006:00000008       gpoly_pro_enable_mode_ofs
 0006:00000010       gtblock_clip_width
 0006:00000014       gtblock_clip_height
 0006:00000018       gtblock_screen_width
 0006:0000001C       gtblock_screen_addr

 0001:00065630       setup_eye_lens
 0001:000DA9F0       @LbFileClose@4
 0001:000DAE70       LbTextDraw
 0001:000A7850       process_sound_heap
 0001:000463D0       setup_engine_window
 0001:0001E590       redraw_display
 0001:000001F0       cumulative_screen_shot
 0001:00034720       set_game_key
 0001:00079140       GetMouseY
 0001:0000B050       frontnet_start_input
 0001:000AE530       play_smacker_file
 0001:000AEC30       draw_text_box
 0001:00041CD0       load_packets_for_turn
 0001:00044D50       thing_is_special
 0001:000DAD00       LbTextStringWidth
 0001:00093DF0       gui_activity_background
 0001:00093C20       gui_creature_query_background1
 0001:00093D20       gui_creature_query_background2
 0001:00092A20       reset_scroll_window
 0001:00092B60       init_video_menu
 0001:00092BA0       init_audio_menu
 0001:00008200       frontnet_draw_slider_button
 0001:000084A0       frontnet_draw_scroll_box
 0001:00008710       frontnet_draw_small_scroll_box
 0001:00008A70       frontnet_draw_comport_scroll_tab
 0001:00008A90       frontnet_draw_speed_scroll_tab
 0001:00008AB0       frontnet_draw_sessions_scroll_tab
 0001:00008AD0       frontnet_draw_players_scroll_tab
 0001:00008AF0       frontnet_draw_messages_scroll_tab
 0001:00008B10       frontnet_draw_text_bar
 0001:00008B90       frontnet_draw_text_cont_bar
 0001:00008C10       frontnet_draw_scroll_box_tab
 0001:00008CB0       frontnet_draw_bottom_scroll_box_tab
 0001:00008D60       frontnet_draw_small_scroll_box_tab
 0001:00008E80       frontnet_draw_alliance_button
 0001:00008EE0       frontnet_draw_alliance_grid
 0001:00008FE0       frontnet_draw_alliance_box_tab
 0001:00009250       frontnet_service_update
 0001:00009450       frontnet_serial_setup
 0001:00009560       frontnet_serial_update
 0001:000095F0       frontnet_serial_reset
 0001:00009660       frontnet_comport_up
 0001:00009670       frontnet_comport_down
 0001:00009690       frontnet_speed_up
 0001:000096A0       frontnet_speed_down
 0001:000096C0       frontnet_comport_up_maintain
 0001:000096E0       frontnet_comport_down_maintain
 0001:00009710       frontnet_comport_select_maintain
 0001:00009740       frontnet_comport_select
 0001:00009790       frontnet_speed_up_maintain
 0001:000097B0       frontnet_speed_down_maintain
 0001:000097E0       frontnet_speed_select_maintain
 0001:00009810       frontnet_speed_select
 0001:00009840       frontnet_draw_comport_button
 0001:000098E0       frontnet_draw_speed_button
 0001:00009980       frontnet_draw_comport_selected
 0001:000099D0       frontnet_draw_speed_selected
 0001:00009B10       frontnet_modem_setup
 0001:00009CE0       frontnet_modem_update
 0001:00009D70       frontnet_modem_reset
 0001:00009DE0       frontnet_net_modem_start_maintain
 0001:00009E10       frontnet_net_modem_start
 0001:00009ED0       frontnet_session_setup
 0001:00009F50       frontnet_session_update
 0001:0000A140       frontnet_draw_session_button
 0001:0000A1E0       frontnet_session_select
 0001:0000A220       frontnet_session_maintain
 0001:0000A250       frontnet_session_up_maintain
 0001:0000A270       frontnet_session_down_maintain
 0001:0000A2A0       frontnet_session_up
 0001:0000A2B0       frontnet_session_down
 0001:0000A2D0       frontnet_join_game_maintain
 0001:0000A5E0       frontnet_session_set_player_name
 0001:0000A6A0       frontnet_net_set_modem_init
 0001:0000A6D0       frontnet_net_set_modem_hangup
 0001:0000A700       frontnet_net_set_modem_dial
 0001:0000A730       frontnet_net_set_modem_answer
 0001:0000A760       frontnet_net_set_phone_number
 0001:0000A790       frontnet_draw_net_start_players
 0001:0000A900       frontnet_draw_net_session_players
 0001:0000AA50       frontnet_draw_session_selected
 0001:000AE3C0       frontend_init_options_menu
 0001:000AC500       frontend_draw_vlarge_menu_button
 0001:000AC580       frontend_draw_small_menu_button
 0001:000AC6F0       frontend_over_button
 0001:000AD3B0       frontend_draw_enter_text
 0001:000AD500       frontend_draw_icon
 0001:000AD8A0       frontend_draw_high_score_table
 0001:000ADFB0       frontend_draw_slider
 0001:000AE0E0       frontend_draw_small_slider
 0001:000AE1F0       frontend_invert_mouse
 0001:000AE210       frontend_draw_invert_mouse
 0001:000AE2B0       frontend_set_mouse_sensitivity
 0001:000AE2C0       frontend_define_key_up_maintain
 0001:000AE2E0       frontend_define_key_down_maintain
 0001:000AE300       frontend_define_key_up
 0001:000AE310       frontend_define_key_down
 0001:000AE330       frontend_define_key_maintain
 0001:000AE360       frontend_draw_define_key_scroll_tab
 0001:000AE910       frontend_draw_define_key
 0001:000AEC00       frontend_define_key
 0001:0000B150       frontnet_start_game_maintain
 0001:0000B170       frontnet_players_up
 0001:0000B180       frontnet_players_down
 0001:0000B1A0       frontnet_players_up_maintain
 0001:0000B1C0       frontnet_players_down_maintain
 0001:0000B1F0       frontnet_messages_up
 0001:0000B200       frontnet_messages_down
 0001:0000B220       frontnet_messages_up_maintain
 0001:0000B240       frontnet_messages_down_maintain
 0001:0000B270       frontnet_draw_current_message
 0001:0000B3A0       frontnet_draw_messages
 0001:0000B4F0       frontnet_maintain_alliance
 0001:0000B530       frontnet_select_alliance
 0001:0000B5A0       frontend_draw_computer_players
 0001:0003C3A0       frontstats_draw_main_stats
 0001:0003C4F0       frontstats_draw_scrolling_stats
 0001:0000B660       frontend_toggle_computer_players
 0001:0000B120       set_packet_start
 0001:0009AFF0       gui_pretty_background
 0001:0009B150       gui_round_glass_background
 0001:0009B250       gui_scroll_activity_up
 0001:0009B270       gui_scroll_activity_down
 0001:0009B290       gui_set_query
 0001:0009B340       gui_choose_spell
 0001:0009B590       gui_go_to_next_spell
 0001:0009B5D0       gui_remove_area_for_rooms
 0001:0009B620       gui_remove_area_for_traps
 0001:0009B670       gui_choose_trap
 0001:0009B7D0       gui_go_to_next_wanderer
 0001:0009B7E0       gui_go_to_next_worker
 0001:0009B7F0       gui_go_to_next_fighter
 0001:0009B800       pick_up_next_wanderer
 0001:0009B820       pick_up_next_worker
 0001:0009B840       pick_up_next_fighter
 0001:0009B860       gui_go_to_next_creature
 0001:0009B8A0       pick_up_next_creature
 0001:0009B8E0       gui_go_to_next_creature_activity
 0001:0009B930       pick_up_creature_doing_activity
 0001:0009B980       gui_video_shadows
 0001:0009B990       gui_video_view_distance_level
 0001:0009B9A0       gui_video_rotate_mode
 0001:0009BA30       gui_video_cluedo_mode
 0001:0009BB20       gui_set_sound_volume
 0001:0009BB80       gui_set_music_volume
 0001:0009BD40       gui_zoom_out
 0001:0009BD90       gui_zoom_in
 0001:0009C1B0       gui_go_to_event
 0001:0009C210       gui_next_battle
 0001:0009C2A0       gui_previous_battle
 0001:0009C330       gui_setup_friend_over
 0001:0009C410       gui_setup_enemy_over
 0001:0009C4F0       gui_get_creature_in_battle
 0001:0009C700       gui_go_to_person_in_battle
 0001:0009C760       gui_kill_event
 0001:0009CF20       gui_scroll_text_up
 0001:0009CF30       gui_scroll_text_down
 0001:0009CF40       gui_go_to_next_room
 0001:0009CF80       gui_over_room_button
 0001:0009CF90       gui_go_to_next_trap
 0001:0009D000       gui_go_to_next_door
 0001:0009D070       gui_over_trap_button
 0001:0009D090       gui_over_door_button
 0001:0009D0B0       update_breed_activities
 0001:0009E070       get_button_area_input
 0001:0009E3B0       toggle_tooltips
 0001:0009EC90       toggle_gui
 0001:0009F250       toggle_gui_overlay_map
 0001:0009F360       gui_close_objective
 0001:0009F8E0       turn_off_roaming_menus
 0001:000A0AA0       choose_hold_audience
 0001:000A0AE0       choose_armageddon
 0001:000A0E70       gui_toggle_ally
 0001:000A1300       level_lost_go_first_person
 0001:000A14F0       draw_load_button
 0001:00094DF0       gui_area_null
 0001:00094E60       gui_area_normal_button
 0001:00094F10       gui_area_autopilot_button
 0001:00095010       gui_area_flash_cycle_button
 0001:000950D0       gui_area_new_normal_button
 0001:00095170       gui_area_new_null_button
 0001:000951B0       gui_area_no_anim_button
 0001:000952C0       gui_area_new_no_anim_button
 0001:000953D0       gui_area_text
 0001:000954C0       gui_area_scroll_window
 0001:00095740       gui_area_room_button
 0001:000958D0       gui_area_big_room_button
 0001:00095C70       gui_area_spell_button
 0001:00095EE0       gui_area_big_spell_button
 0001:00096250       gui_area_instance_button
 0001:00096C40       gui_area_trap_button
 0001:00096ED0       gui_area_big_trap_button
 0001:00097360       gui_area_payday_button
 0001:00097480       gui_area_research_bar
 0001:00097620       gui_area_workshop_bar
 0001:000977E0       gui_area_player_room_info
 0001:000978B0       gui_area_player_creature_info
 0001:000979E0       gui_area_slider
 0001:00097AA0       gui_area_smiley_anger_button
 0001:00097C10       gui_area_friendly_battlers
 0001:00097DB0       gui_area_enemy_battlers
 0001:00097F50       gui_area_experience_button
 0001:00098180       gui_area_ally
 0001:00092D00       maintain_scroll_down
 0001:00092D40       maintain_scroll_up
 0001:00092D70       maintain_activity_up
 0001:00092DB0       maintain_activity_down
 0001:00093160       maintain_room_and_creature_button
 0001:000931B0       maintain_activity_row
 0001:00093240       maintain_room
 0001:00093290       maintain_big_room
 0001:000933C0       maintain_big_spell
 0001:00093430       maintain_big_trap
 0001:000934D0       maintain_trap
 0001:00093620       maintain_instance
 0001:00093820       maintain_activity_pic
 0001:00092C30       maintain_ally
 0001:00092BC0       maintain_prison_bar
 0001:00092CA0       gui_video_cluedo_maintain
 0001:00081B30       draw_resurrect_creature
 0001:00081D10       select_resurrect_creature_up
 0001:00081D20       select_resurrect_creature_down
 0001:00081D50       maintain_resurrect_creature_scroll
 0001:00081DD0       select_resurrect_creature
 0001:00081EC0       maintain_resurrect_creature_select
 0001:00081F10       draw_transfer_creature
 0001:000820F0       maintain_transfer_creature_select
 0001:00082140       select_transfer_creature_up
 0001:00082150       select_transfer_creature_down
 0001:00082180       maintain_transfer_creature_scroll
 0001:00082200       select_transfer_creature
 0001:000FCFD0       play_smk_via_buffer
 0001:000FD1B0       play_smk_direct
 0001:00000560       anim_record
 0001:000005E0       anim_record_frame
 0001:00000610       anim_stop
 0001:00000680       anim_open
 0001:00000A60       anim_make_next_frame
 0001:00000E70       anim_make_FLI_COLOUR256
 0001:00000F90       anim_make_FLI_SS2
 0001:00001350       anim_make_FLI_LC
 0001:000017F0       anim_make_FLI_BRUN
 0001:00057960       update_things
 0001:000B45F0       process_rooms
 0001:000A80C0       process_messages
 0001:0005D4D0       find_nearest_rooms_for_ambient_sound
 0001:0006EF80       process_computer_players2
 0001:00065E50       event_process_events
 0001:00066100       update_all_events
 0001:000AFD40       process_player_manufacturing
 0001:0001CD90       process_player_research
 0001:00005380       light_render_area
 0001:000A6DA0       update_power_sight_explored
 0001:0005B120       process_armageddon
 0001:0005AA30       process_player_states
 0001:0005AA90       update_flames_nearest_camera
 0001:00034130       wander_point_update
 0001:0000E1B0       process_player_instance
 0001:0009F270       display_objectives
 0001:0009F840       set_level_objective
 0001:00059D30       update_player_camera
 0001:0005A1A0       update_footsteps_nearest_camera
 0001:000245A0       message_update
 0001:0001E340       PaletteFadePlayer
 0001:0001E0F0       action_point_get_players_within
 0001:0005AA00       process_player_instances
 0001:0007A530       get_packet_save_checksum
 0001:00071090       resync_game
 0001:0003E9A0       process_players_creature_control_packet_control
 0001:0003F1C0       set_mouse_light
 0001:00041A60       process_map_packet_clicks
 0001:00042540       process_pause_packet
 0001:000243C0       draw_bonus_timer
 0001:00020140       draw_2d_map
 0001:0005C710       map_fade_in
 0001:0005C920       map_fade_out
 0001:0001EE90       redraw_isometric_view
 0001:0001F4A0       redraw_frontview
 0001:0001F7D0       redraw_creature_view
 0001:0001FB40       draw_creature_view
 0001:0009A380       draw_slab64k
 0001:0009ABD0       draw_ornate_slab64k
 0001:00022FD0       draw_zoom_box
 0001:00024520       message_add
 0001:00007370       light_signal_stat_light_update_in_area
 0001:00007400       light_stat_light_map_clear_area
 0001:00007850       light_remove_light_from_list
 0001:00037900       set_player_state
 0001:000467E0       set_engine_view
 0001:000488D0       turn_off_sight_of_evil
 0001:0009C7C0       turn_off_event_box_if_necessary
 0001:0006F1A0       set_autopilot_type
 0001:000C4CD0       dump_held_things_on_map
 0001:000C4C00       place_thing_in_power_hand
 0001:00078ED0       battle_move_player_towards_battle
 0001:00065F80       event_move_player_towards_event
 0001:00048F40       turn_off_call_to_arms
 0001:000A0B20       turn_off_query
 0001:0004AE00       directly_cast_spell_on_thing
 0001:00065DC0       event_delete_event
 0001:0005FB70       init_player
 0001:0005FFB0       init_level
 0001:000603A0       post_init_level
 0001:000605F0       post_init_players
 0001:000081D0       frontend_is_player_allied
 0001:0003C9D0       setup_heap_manager
 0001:0003CAF0       reset_heap_manager
 0001:00039D60       LoadMcgaData
 0001:00099D10       update_menu_fade_level
 0001:00098300       draw_button_string
 0001:000946B0       create_button
 0001:000AF840       pannel_map_update
 0001:00062AC0       init_player_cameras
 0001:00060670       init_keeper_map_exploration
 0001:000377E0       reset_player_mode
 0001:00005E90       light_set_light_never_cache
 0001:000057B0       light_create_light
 0001:00045D20       view_set_camera_y_inertia
 0001:00045D60       view_set_camera_x_inertia
 0001:00045DA0       view_set_camera_rotation_inertia
 0001:000461B0       view_zoom_camera_in
 0001:00046290       view_zoom_camera_out
 0001:00046380       get_camera_zoom
 0001:000463A0       set_camera_zoom
 0001:000828E0       resurrect_creature
 0001:000830E0       steal_hero
 0001:000C2440       creature_increase_level
 0001:000A67E0       clear_slab_dig
 0001:00065FC0       remove_events_thing_is_attached_to
 0001:0005B740       delete_thing_structure
 0001:00082CD0       make_safe
 0001:00089B70       create_effect
 0001:00060B10       init_animating_texture_maps
 0001:0007B7F0       init_navigation
 0001:00064C80       reinit_tagged_blocks_for_player
 0001:0001B790       sound_reinit_after_load
 0001:000A18F0       reset_gui_based_on_player_mode
 0001:0006EE60       restore_computer_player_after_load
 0001:000788F0       find_first_battle_of_mine
 0001:00020D40       draw_overlay_things
 0001:00023ED0       draw_overlay_compass
 0001:000AF110       pannel_map_draw
 0001:00023DF0       draw_gold_total
 0001:000A7050       remove_explored_flags_for_power_sight
 0001:00032990       engine
 0001:000A6940       update_explored_flags_for_power_sight
 0001:000225B0       draw_power_hand
 0001:0005B490       i_can_allocate_free_thing_structure
 0001:0005B590       allocate_free_thing_structure
 0001:0005B6F0       allocate_free_action_point_structure_with_number
 0001:0005B970       add_thing_to_list
 0001:000658D0       event_initialise_all
 0001:00078330       battle_initialise
 0001:000A82E0       init_messages
 0001:00057D20       update_creatures_not_in_list
 0001:0005ABC0       update_cave_in
 0001:000B2FC0       get_thing_checksum
 0001:000C6F60       load_map_data_file
 0001:000C7050       load_column_file
 0001:000C7210       load_action_point_file
 0001:00060A80       init_whole_blocks
 0001:0005D110       init_columns
 0001:0005D9E0       init_top_texture_to_cube_table
 0001:000CA040       load_map_slab_file
 0001:000B7820       set_room_capacity
 0001:00047620       ceiling_init

 0001:000C28E0       init_creature_level
 0001:0001CC50       get_next_research_item
 0001:000C90A0       load_script
 0001:000A60D0       calculate_dungeon_area_scores
 0001:0007ED90       update_dungeon_scores
 0001:0007F050       update_dungeon_generation_speeds
 0001:00064DE0       check_and_auto_fix_stats
 0001:000C7DE0       load_stats_files
 0001:000BDA60       set_start_state
 0001:000BCF00       get_room_thing_is_on
 0001:000B7980       send_creature_to_room
 0001:000863E0       get_id
 0001:00005A70       light_set_light_position
 0001:00005B20       light_is_light_allocated
 0001:00058F40       update_shot
 0001:00059670       update_object
 0001:00059780       update_effect_element
 0001:00059A70       update_dead_creature
 0001:00059CC0       update_trap
 0001:0008B950       process_effect_generator
 0001:000770F0       process_door
 0001:00089CB0       update_effect
 0001:00010B50       process_thing_spell_effects
 0001:00057260       process_creature_self_spell_casting
 0001:0000D620       leader_find_positions_for_followers
 0001:0000D570       creature_is_group_leader
 0001:000122B0       process_keeper_spell_effect
 0001:000C16A0       set_creature_graphic
 0001:000C2000       apply_damage_to_thing_and_display_health
 0001:00010DF0       apply_spell_effect_to_thing
 0001:0008AE80       explosion_affecting_area
 0001:00058A40       process_disease
 0001:000C2150       get_foot_creature_has_down
 0001:0005DA80       get_top_cube_at_pos
 0001:0005E470       get_floor_height_under_thing_at
 0001:00011E10       process_spells_affected_by_effect_elements
 0001:000CAB80       move_creature
 0001:0000DFE0       process_creature_instance
 0001:00058BE0       process_creature_state
 0001:0005B2A0       update_creature_count
 0001:000C6150       kill_creature
 0001:00063480       create_thing
 0001:00064520       create_door
 0001:00064880       create_effect_generator
 0001:000C01E0       setup_move_off_lava
 0001:000BF280       cleanup_current_thing_state
 0001:0005A730       process_creature_standing_on_corpses_at
 0001:000B0050       create_workshop_object_in_workshop_room
 0001:000B02B0       get_next_manufacture
 0001:000B6D10       find_room_with_spare_room_item_capacity
 0001:000BD240       player_has_room_of_type
 0001:0005DE40       get_thing_height_at
 0001:0005ED80       place_thing_in_mapwho
 0001:0005EE00       remove_thing_from_mapwho
 0001:000A5AB0       process_payday
 0001:000A5D30       check_players_lost
 0001:000A5DD0       check_players_won
 0001:000A5EC0       process_dungeon_power_magic
 0001:000A7270       process_things_in_dungeon_hand
 0001:00043260       process_dungeon_devastation_effects
 0001:0007E9D0       process_entrance_generation
 0001:00043BB0       object_is_gold
 0001:00044A20       thing_is_spellbook
 0001:0005ECF0       element_top_face_texture
 0001:00023AA0       draw_swipe
 0001:00033590       draw_status_sprites
 0001:00076910       draw_texture
 0001:00026E30       do_a_plane_of_engine_columns_perspective
 0001:000292F0       do_a_plane_of_engine_columns_isometric
 0001:0002A6D0       do_a_plane_of_engine_columns_cluedo
 0001:0002B550       find_gamut
 0001:0002BEB0       fiddle_gamut
 0001:0002C640       display_drawlist
 0001:000317E0       fill_in_points_perspective
 0001:00031BA0       fill_in_points_isometric
 0001:00032200       fill_in_points_cluedo
 0001:00032860       rotpers_parallel_3
 0001:00017160       setup_rotate_stuff
 0001:00025B70       create_map_volume_box
 0001:00026580       frame_wibble_generate
 0001:000019E0       rotate_base_axis
 0001:00052990       flyeye_setup
 0001:00052A20       flyeye_blitsec
 0001:00078000       init_lens
 0001:000782E0       draw_lens
 0001:000266B0       rotpers_parallel
 0001:00026830       rotpers_standard
 0001:000269C0       rotpers_circular
 0001:00026B80       rotpers_fisheye
 0001:000C5750       get_nearest_thing_for_hand_or_slap
 0001:00035F70       get_front_view_nonaction_inputs
 0001:00033C00       draw_engine_number
 0001:00054890       draw_keepsprite_unscaled_in_buffer
 0001:00017620       draw_jonty_mapwho
 0001:000C9A40       convert_old_column_file
 0001:0005F490       add_gold_to_hoarde
 0001:000A7530       init_sound_heap_two_banks
 0001:000A7800       close_sound_heap
 0001:00014810       initialise_map_collides
 0001:00014990       initialise_map_health
 0001:00093580       instant_instance_selected
 0001:0000DDC0       set_creature_instance
 0001:0005A3F0       get_human_controlled_creature_target
 0001:0000E0C0       creature_instance_has_reset
 0001:000B4EC0       set_room_efficiency
 0001:000B7120       create_room
 0001:0000EFB0       pinstfs_hand_grab
 0001:0000F040       pinstfm_hand_grab
 0001:0000F110       pinstfe_hand_grab
 0001:0000F2E0       pinstfs_hand_drop
 0001:0000F340       pinstfm_hand_drop
 0001:0000F3D0       pinstfe_hand_drop
 0001:0000F450       pinstfs_hand_whip
 0001:0000F490       pinstfe_hand_whip
 0001:0000F720       pinstfs_hand_whip_end
 0001:0000F760       pinstfe_hand_whip_end
 0001:0000F7A0       pinstfs_control_creature
 0001:0000F850       pinstfm_control_creature
 0001:0000FA80       pinstfe_direct_control_creature
 0001:0000FC30       pinstfe_passenger_control_creature
 0001:0000FCA0       pinstfs_passenger_leave_creature
 0001:0000FDC0       pinstfs_direct_leave_creature
 0001:0000FEE0       pinstfm_leave_creature
 0001:0000FF30       pinstfe_leave_creature
 0001:0000FF90       pinstfs_zoom_to_position
 0001:00010050       pinstfm_zoom_to_position
 0001:00010100       pinstfe_zoom_to_position
 0001:00010120       pinstfs_query_creature
 0001:00010170       pinstfs_unquery_creature
 0001:000101A0       pinstfs_zoom_to_heart
 0001:00010260       pinstfm_zoom_to_heart
 0001:000102C0       pinstfe_zoom_to_heart
 0001:00010320       pinstfs_zoom_out_of_heart
 0001:00010410       pinstfm_zoom_out_of_heart
 0001:00010560       pinstfe_zoom_out_of_heart
 0001:000105E0       pinstfm_control_creature_fade
 0001:000105F0       pinstfe_control_creature_fade
 0001:00010660       pinstfs_fade_to_map
 0001:00010700       pinstfe_fade_to_map
 0001:00010750       pinstfs_fade_from_map
 0001:000107D0       pinstfe_fade_from_map
 0001:000C1480       leave_creature_as_controller
 0001:000BBA70       go_to_my_next_room_of_type
 0001:000A1870       step_battles_forward
 0001:000A1840       active_battle_exists
 0001:000C41E0       find_next_annoyed_creature
 0001:000A11F0       fake_button_click
 0001:00037FF0       do_map_rotate_stuff
 0001:000791A0       can_drop_thing_here
 0001:000CEB50       thing_in_wall_at
 0001:000109E0       load_swipe_graphic_for_creature
 0001:000C0E40       control_creature_as_controller
 0001:000C0D90       control_creature_as_passenger
 0001:000C10F0       create_and_control_creature_as_controller
 0001:0006EC80       setup_a_computer_player
 0001:0005B8C0       delete_room_structure
 0001:000B8AF0       link_adjacent_rooms_of_type
 0001:0005B560       i_can_allocate_free_room_structure
 0001:0005B6A0       allocate_free_room_structure
 0001:000BCDB0       create_room_flag
 0001:0005EEB0       find_base_thing_on_mapwho
 0001:000639F0       create_object
 0001:00023960       set_thing_draw
 0001:00005EF0       light_set_light_minimum_size_to_cache
 0001:000522A0       check_map_for_gold
 0001:000750B0       computer_check_build_all_rooms
 0001:00075120       computer_check_any_room
 0001:00075210       computer_setup_any_room
 0001:00075300       computer_setup_any_room_continue
 0001:000753F0       computer_check_dig_to_entrance
 0001:000755A0       computer_setup_dig_to_entrance
 0001:00075900       computer_check_dig_to_gold
 0001:00075960       computer_setup_dig_to_gold
 0001:00075BF0       computer_check_sight_of_evil
 0001:00075C50       computer_setup_sight_of_evil
 0001:00075CB0       computer_process_sight_of_evil
 0001:00075EA0       computer_check_attack1
 0001:00075FB0       computer_check_safe_attack
 0001:00076120       computer_setup_attack1
 0001:00076180       computer_completed_attack1
 0001:0003B5B0       computer_event_battle
 0001:0003B990       computer_event_battle_test
 0001:0003BB20       computer_event_check_fighters
 0001:0003BBA0       computer_event_attack_magic_foe
 0001:0003BDA0       computer_event_check_rooms_full
 0001:0004E340       computer_event_find_link
 0001:000CCD00       computer_checks_hates
 0001:000CCF40       computer_check_move_creatures_to_room
 0001:000CD010       computer_check_move_creatures_to_best_room
 0001:000CD090       computer_check_no_imps
 0001:000CD140       computer_check_for_pretty
 0001:000CD2A0       computer_check_for_quick_attack
 0001:000CD460       computer_check_for_accelerate
 0001:000CD690       computer_check_enemy_entrances
 0001:000CD8B0       computer_check_for_place_door
 0001:000CDC80       computer_check_neutral_places
 0001:000CDDF0       computer_check_for_place_trap
 0001:000CE040       computer_check_for_expand_room
 0001:000CE340       computer_check_for_money
 0001:000CD620       computer_check_slap_imps
 0001:0003B770       computer_event_check_imps_in_danger
 0001:0003BE30       computer_event_check_payday
 0001:000762F0       computer_completed_task
 0001:00076310       computer_process_task
 0001:00076320       computer_paused_task
 0001:00076330       computer_completed_build_a_room
 0001:0004B310       computer_setup_build_room
 0001:0006F070       process_computer_player2
 0001:00001DD0       process_tasks
 0001:000CCC90       process_checks
 0001:0003B4D0       computer_check_events
 0001:0004C030       get_computer_money_less_cost
 0001:00007980       light_initialise_lighting_tables
 0001:00005970       light_delete_light
 0001:0005CDB0       find_column
 0001:0005CE30       create_column
 0001:00074ED0       set_next_process
 0001:000C59A0       is_thing_passenger_controlled
 0001:000BF2E0       external_set_thing_state
 0001:00015F90       script_process_value
 0001:00090120       creature_fire_shot
 0001:00011C80       creature_cast_spell
 0001:00070CA0       process_person_moods_and_needs
 0001:0008F460       creature_available_for_combat_this_turn
 0001:0008DF40       creature_look_for_combat
 0001:000C5230       get_enemy_dungeon_heart_creature_can_see
 0001:00076350       set_creature_object_combat
 0001:000BF510       can_change_from_state_to
 0001:000777A0       get_door_for_position
 0001:000765F0       set_creature_door_combat
 0001:00083340       process_obey_leader
 0001:000C5CD0       food_eaten_by_creature
 0001:000A7A20       play_sample_using_heap
 0001:000A7950       stop_sample_using_heap
 0001:000A5720       load_map_and_window
 0001:00019800       anger_apply_anger_to_creature
 0001:00043CF0       object_is_pickable_by_hand
 0001:0004A2E0       set_power_hand_offset
 0001:000C4B40       dump_thing_in_power_hand
 0001:0004A1D0       create_gold_for_hand_grab
 0001:000A8430       remove_food_from_food_room_if_possible
 0001:00063FD0       create_effect_element
 0001:000469C0       get_creature_near
 0001:00046AB0       get_creature_near_with_filter
 0001:00046CF0       get_creature_near_for_controlling
 0001:000BF400       initialise_thing_state
 0001:000CA6D0       setup_person_move_to_position
 0001:00024BC0       tag_cursor_blocks_dig
 0001:00025420       tag_cursor_blocks_thing_in_hand
 0001:00041F50       create_power_hand
 0001:0000D170       add_creature_to_group_as_leader
 0001:0000D2B0       remove_creature_from_group
 0001:00043C30       object_is_gold_pile
 0001:000C6670       can_thing_be_possessed
 0001:000C67C0       can_thing_be_queried
 0001:000B11C0       tag_blocks_for_digging_in_rectangle_around
 0001:000B1230       untag_blocks_for_digging_in_rectangle_around
 0001:00077200       destroy_door
 0001:000B4FA0       delete_room_slab
 0001:00042110       packet_place_door
 0001:000156E0       delete_room_slabbed_objects
 0001:00024D50       tag_cursor_blocks_place_room
 0001:000250E0       tag_cursor_blocks_place_door
 0001:000B7440       place_room
 0001:00025280       tag_cursor_blocks_sell_area
 0001:000B1110       remove_workshop_item
 0001:00064350       create_trap
 0001:000BD3A0       set_first_creature
 0001:000BD660       remove_first_creature
 0001:00048550       magic_use_power_slap
 0001:00048020       magic_use_power_hand
 0001:00048130       magic_use_power_imp
 0001:00048440       magic_use_power_obey
 0001:000486C0       magic_use_power_sight
 0001:00048960       magic_use_power_call_to_arms
 0001:00049070       magic_use_power_cave_in
 0001:00049280       magic_use_power_hold_audience
 0001:000494E0       magic_use_power_lightning
 0001:00049790       magic_use_power_speed
 0001:00049830       magic_use_power_chicken
 0001:00049950       magic_use_power_armour
 0001:000499F0       magic_use_power_conceal
 0001:00049A90       magic_use_power_heal
 0001:00049B60       magic_use_power_destroy_walls
 0001:00049E60       magic_use_power_disease
 0001:00049F90       magic_use_power_armageddon
 0001:000B0F50       remove_workshop_object_from_player
 0001:00024F50       tag_cursor_blocks_place_trap
 0001:00048370       stop_creatures_around_hand
 0001:00046BD0       get_queryable_object_near
 0001:00065910       event_create_event
 0001:00092E00       maintain_my_event_list
 0001:000167C0       script_process_new_party
 0001:000168F0       script_process_new_tunneller
 0001:00016670       script_create_new_creature
 0001:00016A30       script_process_new_tunneller_party
 0001:00016AA0       get_condition_value
 0001:0001D5E0       script_support_create_thing_at_action_point
 0001:0001D900       script_support_create_thing_at_hero_door
 0001:0001DC80       script_support_create_creature_at_dungeon_heart
 0001:0001DEB0       script_support_send_tunneller_to_dungeon_heart
 0001:0001DF10       script_support_send_tunneller_to_dungeon
 0001:0001DF90       script_support_send_tunneller_to_appropriate_dungeon
 0001:0001E000       script_support_send_tunneller_to_action_point
 0001:0000CFB0       add_creature_to_group
 0001:0000D500       get_highest_experience_level_in_group
 0001:00077FA0       find_door_of_type
 0001:000A61B0       take_money_from_dungeon
 0001:0007B6C0       update_navigation_triangulation
 0001:00013BB0       place_animating_slab_type_on_map
 0001:00077D20       lock_door
 0001:0004AB30       can_cast_spell_on_creature
 0001:000A68B0       power_sight_explored
 0001:000246C0       draw_spell_cursor
 0001:00022D70       draw_mini_things_in_hand
 0001:00053E70       process_keeper_sprite
 0001:00026320       engine_init
 0001:000C7190       load_anim_file
 0001:000C6E80       load_cube_file
 0001:00062BB0       init_colours
 0001:000A7D00       parse_sound_file
 0001:00004C80       heapmgr_init
 0001:00004CD0       heapmgr_add_item
 0001:00004E10       heapmgr_free_oldest
 0001:00004E60       heapmgr_make_newest
 0001:00051280       start_emitter_playing
 0001:00021C00       process_pointer_graphic
 0001:0000C9F0       external_activate_trap_shot_at_angle
 0001:000C1E50       apply_damage_to_thing
 0001:000399A0       init_alpha_table
 0001:000DC3B0       LbPaletteFindColour
 0001:00072980       display_fast_drawlist
 0001:000741E0       draw_element
 0001:00074C80       convert_world_coord_to_front_view_screen_coord
 0001:000C0380       cause_creature_death
 0001:0008E500       remove_all_traces_of_combat
 0001:00055EA0       already_at_call_to_arms
 0001:00055EC0       arrive_at_alarm
 0001:00055D50       arrive_at_call_to_arms
 0001:00083260       at_barrack_room
 0001:000A97F0       at_guard_post_room
 0001:00070240       at_kinky_torture_room
 0001:000C6900       at_lair_to_sleep
 0001:0001C720       at_research_room
 0001:000B3840       at_scavenger_room
 0001:000181B0       at_temple
 0001:0006F7E0       at_torture_room
 0001:000A9940       at_training_room
 0001:000AFB40       at_workshop_room
 0001:000832D0       barracking
 0001:000B3150       cleanup_combat
 0001:00076870       cleanup_door_combat
 0001:00056110       cleanup_hold_audience
 0001:000765C0       cleanup_object_combat
 0001:00045AF0       cleanup_prison
 0001:00019000       cleanup_sacrifice
 0001:00056920       cleanup_seek_the_enemy
 0001:000C6D20       cleanup_sleep
 0001:000700E0       cleanup_torturing
 0001:000BF030       creature_arms_trap
 0001:000A8A50       creature_arrived_at_garden
 0001:000453E0       creature_arrived_at_prison
 0001:000A3220       creature_at_changed_lair
 0001:000A1FB0       creature_at_new_lair
 0001:00056D10       creature_attack_rooms
 0001:00088FE0       creature_attempt_to_damage_walls
 0001:000BFFC0       creature_be_happy
 0001:000BE1A0       creature_being_dropped
 0001:00018E30       creature_being_sacrificed
 0001:000B44E0       creature_being_scavenged
 0001:00019040       creature_being_summoned
 0001:00055660       creature_cannot_find_anything_to_do
 0001:000BFD90       creature_change_from_chicken
 0001:000A2000       creature_change_lair
 0001:000BFC50       creature_change_to_chicken
 0001:000A1EA0       creature_choose_room_for_lair_site
 0001:000B33B0       creature_combat_flee
 0001:00089060       creature_damage_walls
 0001:00054E00       creature_doing_nothing
 0001:00076680       creature_door_combat
 0001:000BDA30       creature_dormant
 0001:000BE8B0       creature_drop_body_in_prison
 0001:000BF1E0       creature_drops_corpse_in_graveyard
 0001:000BEF70       creature_drops_crate_in_workshop
 0001:000BEC40       creature_drops_spell_object_in_library
 0001:000A9350       creature_eat
 0001:000A8980       creature_eating_at_garden
 0001:000C0360       creature_escaping_death
 0001:000BFAF0       creature_evacuate_room
 0001:00056FE0       creature_explore_dungeon
 0001:00072920       creature_fired
 0001:00083440       creature_follow_leader
 0001:00045B20       creature_freeze_prisonors
 0001:000C68D0       creature_going_home_to_sleep
 0001:000BE620       creature_hero_entering
 0001:000B3070       creature_in_combat
 0001:00055F90       creature_in_hold_audience
 0001:000459A0       creature_in_prison
 0001:00089510       creature_kill_creatures
 0001:000725F0       creature_leaves
 0001:00072700       creature_leaves_or_dies
 0001:00072570       creature_leaving_dungeon
 0001:000C0060       creature_moan
 0001:00089310       creature_persuade
 0001:000BE7B0       creature_pick_up_unconscious_body
 0001:000BF110       creature_picks_up_corpse
 0001:000BEA80       creature_picks_up_spell_object
 0001:000BEEA0       creature_picks_up_trap_for_workshop
 0001:000BED60       creature_picks_up_trap_object
 0001:000BFF30       creature_piss
 0001:000728C0       creature_present_to_dungeon_heart
 0001:000A9760       creature_pretend_chicken_move
 0001:000A9630       creature_pretend_chicken_setup_move
 0001:000BFEB0       creature_roar
 0001:00018CA0       creature_sacrifice
 0001:000B42A0       creature_scavenged_disappear
 0001:000B4460       creature_scavenged_reappear
 0001:00088E70       creature_search_for_gold_to_steal_in_room
 0001:000BD390       creature_set_work_room_based_on_position
 0001:000763F0       creature_object_combat
 0001:000BE0A0       creature_slap_cowers
 0001:000C69E0       creature_sleep
 0001:00088F00       creature_steal_gold
 0001:00056260       creature_take_salary
 0001:000A87C0       creature_to_garden
 0001:000BE770       creature_unconscious
 0001:00088DB0       creature_vandalise_rooms
 0001:000565A0       creature_wait_at_treasure_room_door
 0001:000A1E00       creature_wants_a_home
 0001:00056140       creature_wants_salary
 0001:00053540       good_attack_room
 0001:00053270       good_back_at_start
 0001:00052B20       good_doing_nothing
 0001:00053360       good_drops_gold
 0001:000533C0       good_leave_through_exit_door
 0001:00053210       good_returns_to_start
 0001:00053450       good_wait_in_exit_door
 0001:000A9890       guarding
 0001:0005C2A0       imp_arrives_at_improve_dungeon
 0001:0005C3A0       imp_arrives_at_convert_dungeon
 0001:0005BBF0       imp_arrives_at_dig_or_mine
 0001:0005BC70       imp_arrives_at_reinforce
 0001:0005BA90       imp_birth
 0001:0005C3F0       imp_converts_dungeon
 0001:0005BCE0       imp_digs_mines
 0001:0005C5D0       imp_doing_nothing
 0001:0005C030       imp_drops_gold
 0001:0005C2F0       imp_improves_dungeon
 0001:0005C5A0       imp_last_did_job
 0001:0005C240       imp_picks_up_gold_pile
 0001:0005BF10       imp_reinforces
 0001:0005BB20       imp_toking
 0001:00070300       kinky_torturing
 0001:000567D0       mad_killing_psycho
 0001:000AFBD0       manufacturing
 0001:000CBD50       move_backwards_to_position
 0001:00089600       move_check_attack_any_door
 0001:00089670       move_check_can_damage_wall
 0001:00089410       move_check_kill_creatures
 0001:000727C0       move_check_near_dungeon_heart
 0001:000BD2F0       move_check_on_head_for_room
 0001:000891A0       move_check_persuade
 0001:000564E0       move_check_wait_at_door_for_wage
 0001:000CBC00       move_to_position
 0001:000BF650       new_slab_tunneller_check_for_breaches
 0001:000BDE40       patrol_here
 0001:000BDF80       patrolling
 0001:000A2100       person_sulk_head_for_lair
 0001:000A21D0       person_sulk_at_lair
 0001:000A2320       person_sulking
 0001:00018290       praying_in_temple
 0001:00070210       process_kinky_function
 0001:000456A0       process_prison_function
 0001:0001C370       process_research_function
 0001:000B3930       process_scavenge_function
 0001:000180E0       process_temple_function
 0001:0006FC10       process_torture_function
 0001:0001C8B0       researching
 0001:000B4220       scavengering
 0001:00056950       seek_the_enemy
 0001:000BF7A0       state_cleanup_dragging_body
 0001:000BF7E0       state_cleanup_in_room
 0001:000BF800       state_cleanup_unable_to_fight
 0001:000BF830       state_cleanup_unconscious
 0001:000BF850       state_cleanup_dragging_object
 0001:00018030       state_cleanup_in_temple
 0001:00070070       torturing
 0001:000A9A80       training
 0001:00053750       tunneller_doing_nothing
 0001:000CBDF0       tunnelling
 0001:0006F8D0       process_torture_visuals
 0001:000A8AB0       food_grows
 0001:000A8D60       food_moves
 0001:00045000       object_being_dropped
 0001:00042980       object_update_call_to_arms
 0001:00042B60       object_update_dungeon_heart
 0001:00042DE0       object_update_armour
 0001:00043020       object_update_armour2
 0001:00044120       object_update_object_scale
 0001:000443A0       object_update_power_sight
 0001:00044770       object_update_power_lightning
 0001:000CB220       move_object
 0001:000B4970       room_grow_food
 0001:00020520       draw_overhead_things
 0001:000209E0       draw_overhead_room_icons
 0001:000224D0       set_sprite_view_3d
 0001:000223F0       set_sprite_view_isometric
 0001:00092150       thing_is_shootable_by_any_player_except_own_including_objects
 0001:000921D0       thing_is_shootable_by_any_player_except_own_excluding_objects
 0001:00092230       thing_is_shootable_by_any_player_including_objects
 0001:00092280       thing_is_shootable_by_any_player_excluding_objects
 0001:000CB760       move_effect
 0001:000128A0       place_slab_type_on_map
 0001:00014EB0       do_slab_efficiency_alteration
 0001:0008B160       poison_cloud_affecting_area
 0001:00005B40       light_set_light_intensity
 0001:00005C30       light_get_light_intensity
 0001:00065CE0       event_kill_all_players_events
 0001:000D2BD0       check_out_imp_last_did
 0001:000D1BB0       check_out_unprettied_spiral
 0001:00088100       check_place_to_pretty_excluding
 0001:000881C0       check_place_to_convert_excluding
 0001:000D1780       check_out_unconverted_spiral
 0001:0008C900       imp_will_soon_be_working_at_excluding
 0001:000D2170       check_out_undug_place
 0001:000D2490       check_out_undug_area
 0001:000B1D10       imp_stack_update
 0001:000D1EA0       check_out_unprettied_or_unconverted_area
 0001:000AAA00       creature_can_be_trained
 0001:000AA9C0       player_can_afford_to_train_creature
 0001:000D27B0       check_out_unreinforced_place
 0001:000D2A30       check_out_unreinforced_area
 0001:000B6C00       find_nearest_room_for_thing_with_spare_capacity
 0001:000B8930       setup_random_head_for_room
 0001:000B6EF0       find_room_with_spare_capacity
 0001:000B2950       add_unclaimed_unconscious_bodies_to_imp_stack
 0001:000B2AC0       add_unclaimed_dead_bodies_to_imp_stack
 0001:000B2C10       add_unclaimed_spells_to_imp_stack
 0001:000B2D80       add_object_for_trap_to_imp_stack
 0001:000B2E50       add_unclaimed_gold_to_imp_stack
 0001:000B20F0       add_pretty_and_convert_to_imp_stack
 0001:0008CA00       block_has_diggable_side
 0001:00089AA0       make_all_players_creatures_angry
 0001:000AFFC0       force_complete_current_manufacturing
 0001:00011970       apply_spell_effect_to_players_creatures
 0001:000A94D0       kill_all_players_chickens
 0001:0001D320       force_complete_current_research
 0001:0007F2C0       creature_turn_to_face
 0001:0007F370       creature_turn_to_face_backwards
 0001:0007F430       creature_turn_to_face_angle
 0001:0001A110       anger_set_creature_anger
 0001:00083710       check_for_first_person_barrack_party
 0001:0008BD60       create_effect_around_thing
 0001:000C2030       remove_health_from_thing_and_display_health
 0001:0008C560       slab_by_players_land
 0001:000454E0       process_prison_food
 0001:000BA0A0       setup_prison_move
 0001:000BA1C0       count_gold_slabs_with_efficiency
 0001:000BA220       count_gold_hoardes_in_room
 0001:000BA570       count_food_in_room
 0001:000BA8B0       count_books_in_room
 0001:000BAC90       count_bodies_in_room
 0001:000BAFF0       count_crates_in_room
 0001:000BB3C0       count_workers_in_room
 0001:000BB440       count_lair_occupants
 0001:000DB6C0       put_down_sprites
 0001:00018480       process_sacrifice_award
 0001:00035970       get_isometric_view_nonaction_inputs
 0001:000365B0       get_overhead_view_nonaction_inputs
 0001:000C5340       can_thing_be_picked_up_by_player
 0001:000C5540       can_thing_be_picked_up2_by_player
 0001:0009F6B0       text_string_height
 0001:00079340       get_2d_distance
 0001:0005D1F0       get_angle_xy_to
 0001:00079560       line_of_sight_3d
 0001:0008A6C0       draw_lightning
 0001:0008AAD0       draw_flame_breath
 0001:0005D230       get_angle_yz_to
 0001:00079F30       project_point_to_wall_on_angle
 0001:0005D340       angles_to_vector
 0001:00043550       process_dungeon_destroy
 0001:0008C230       lightning_is_close_to_player
 0001:0008C260       lightning_modify_palette
 0001:0008B490       affect_nearby_enemy_creatures_with_wind
 0001:0008C170       god_lightning_choose_next_creature
 0001:000CAF40       move_shot
 0001:0008ADC0       draw_god_lightning
 0001:0008BEA0       affect_nearby_stuff_with_vortex
 0001:0008BEB0       affect_nearby_friends_with_alarm
 0001:000922C0       apply_wallhug_force_to_boulder
 0001:0008C070       update_god_lightning_ball
 0001:000C4AA0       prepare_thing_for_power_hand
 0001:000B8DF0       find_random_valid_position_for_thing_in_room
 0001:000BD890       change_creature_owner
 0001:0001A2B0       anger_set_creature_anger_all_types
 0001:000C4460       find_my_next_creature_of_breed_and_job
 0001:00017B40       draw_fastview_mapwho
 0001:00025570       draw_stripey_line
 0001:00025B00       draw_clipped_line
 0001:00033E40       draw_engine_room_flag_top
 0001:00033CF0       draw_engine_room_flagpole
 0001:00017B20       draw_iso_only_fastview_mapwho
 0001:00018020       draw_map_who
 0001:0001A7A0       set_room_playing_ambient_sound
 0001:0007F7A0       ariadne_initialise_creature_route
 0001:0006E050       path_init8_wide
 0001:000C2CA0       creature_can_navigate_to
 0001:00065B70       event_create_event_or_update_nearby_existing_event
 0001:000B69C0       find_nearest_room_for_thing_excluding_two_types
 0001:000539E0       good_setup_loot_treasure_room
 0001:000CB8F0       creature_move_to_using_gates
 0001:0007B860       creature_follow_route_to_using_gates
 0001:00001F40       task_dig_room_passage
 0001:000020C0       task_dig_room
 0001:000023A0       task_check_room_dug
 0001:00002680       task_place_room
 0001:000028F0       task_dig_to_entrance
 0001:00002B80       task_dig_to_gold
 0001:00003080       task_dig_to_attack
 0001:00003450       task_magic_call_to_arms
 0001:00003820       task_pickup_for_attack
 0001:00003A30       task_move_creature_to_room
 0001:00003A50       task_move_creature_to_pos
 0001:00003CD0       task_move_creatures_to_defend
 0001:00003F60       task_slap_imps
 0001:000040F0       task_dig_to_neutral
 0001:00004210       task_magic_speed_up
 0001:00004320       task_wait_for_bridge
 0001:00004500       task_attack_magic
 0001:000048B0       task_sell_traps_and_doors
 0001:0004C950       computer_find_non_solid_block
 0001:0004CCA0       computer_able_to_use_magic
 0001:0004DDE0       count_creatures_for_defend_pickup
 0001:0004EDF0       check_call_to_arms
 0001:0004EEA0       get_task_in_progress
 0001:00001E60       get_free_task
 0001:000B9A40       remove_creature_from_work_room
 0001:000119E0       terminate_thing_spell_effect
 0001:000D3660       check_out_imp_stack
 0001:000B90A0       find_first_valid_position_for_thing_in_room
 0001:000B89C0       setup_head_for_empty_treasure_space
 0001:000B9380       find_random_valid_position_for_thing_in_room_avoiding_object
 0001:0005F310       remove_gold_from_hoarde
